// Vitest Snapshot v1, https://vitest.dev/guide/snapshot.html

exports[`Home component > renders with the categories of products 1`] = `undefined`;
